2 18
AAAAAAA
CCCCCCCCCMACMACMACMAACACCAAMMCCMCA
ACM
ACMACMACM
ACMACMACMA
ACMACMACMAA
ACMACMACMAAC
ACMACMACMAACA
ACMACMACMAACAC
ACMACMACMAACACC
ACMACMACMAACACCA
ACMACMACMAACACCAA
ACMACMACMAACACCAAM
ACMACMACMAACACCAAMM
ACMACMACMAACACCAAMMC
ACMACMACMAACACCAAMMCC
ACMACMACMAACACCAAMMCCM
ACMACMACMAACACCAAMMCCMC
ACMACMACMAACACCAAMMCCMCA
AAAAAAAAAMACMACMACMAACACCAAMMCCMCA
